---
source: lib/tests/search.rs
expression: result.to_json(true).unwrap()
---
[
  {
    "term": "dog",
    "etymologies": [
      {
        "description": "Latin root",
        "senses": [
          {
            "pos": "un",
            "definitions": [
              {
                "type": "definition",
                "value": "a dog"
              }
            ]
          }
        ]
      }
    ]
  }
]
