# serializer version: 1
# name: test_tokenize
  list([
    Token { lemma: "你好", language: Some("cmn"), entries: [LookupResult { entry: Entry { term: "你", see_also: None, etymologies: [Etymology { id: None, pronunciations: [], description: Some("Latin root"), senses: [("v", Sense { pos: "v", lemma: None, definitions: [Left(Definition { id: None, value: "Lorem ipsum", examples: [], notes: [] })], tags: [], translations: [], forms: [] })] }], media: [] }, directed_from: None }, LookupResult { entry: Entry { term: "好", see_also: None, etymologies: [Etymology { id: None, pronunciations: [], description: Some("Latin root"), senses: [("v", Sense { pos: "v", lemma: None, definitions: [Left(Definition { id: None, value: "Lorem ipsum", examples: [], notes: [] })], tags: [], translations: [], forms: [] })] }], media: [] }, directed_from: None }], kind: "Unknown", script: "Mandarin", start: 0, end: 2 },
    Token { lemma: "！", language: None, entries: [], kind: "Unknown", script: "Hangul", start: 2, end: 3 },
    Token { lemma: "你", language: Some("cmn"), entries: [LookupResult { entry: Entry { term: "你", see_also: None, etymologies: [Etymology { id: None, pronunciations: [], description: Some("Latin root"), senses: [("v", Sense { pos: "v", lemma: None, definitions: [Left(Definition { id: None, value: "Lorem ipsum", examples: [], notes: [] })], tags: [], translations: [], forms: [] })] }], media: [] }, directed_from: None }], kind: "Unknown", script: "Mandarin", start: 3, end: 4 },
    Token { lemma: "是", language: Some("cmn"), entries: [], kind: "Unknown", script: "Mandarin", start: 4, end: 5 },
    Token { lemma: "谁", language: Some("cmn"), entries: [], kind: "Unknown", script: "Mandarin", start: 5, end: 6 },
    Token { lemma: "？", language: None, entries: [], kind: "Unknown", script: "Hangul", start: 6, end: 7 },
  ])
# ---
